// Jest Snapshot v1, https://goo.gl/fbAQLP

exports[`it maps data according to snapshot 1`] = `
Array [
  <div
    className="timeline"
    data-testid="timeline"
  >
    <header
      className="timeline-header"
    >
      <span
        className="tag is-medium is-danger"
      >
        Current
      </span>
    </header>
    <div
      className="timeline-item is-danger"
    >
      <div
        className="timeline-marker is-icon is-danger"
      >
        <i
          className="fa fa-flag"
        />
      </div>
      <div
        className="timeline-content fullwidth"
        style={
          Object {
            "minWidth": 500,
          }
        }
      >
        <p
          className="heading"
        >
          May 2012
        </p>
        <div
          className="message is-info"
        >
          <div
            className="message-header"
          >
            <div
              className="column title is-5"
            >
              header
            </div>
            <div
              className="column tag is-link has-text-weight-bold"
            >
              My name is Nik and I'm a web application developer. I am passionate in learning new technologies, building websites, applications, games and also in learning how to fly a fighter jet through flight simulation software.
            </div>
          </div>
          <div
            className="message-body"
          >
            <div
              className="subtitle"
            >
              jobscope
            </div>
            <div
              className="is-size-7"
            >
              Ex anim do id aute aute. Quis anim aliqua eu eiusmod occaecat. Consectetur reprehenderit do commodo do. Occaecat eu magna in deserunt. Qui in aliquip ipsum consequat ipsum ea reprehenderit.
            </div>
          </div>
        </div>
      </div>
    </div>
    <div
      className="timeline-header"
    >
      <span
        className="tag is-medium is-danger"
      >
        Past
      </span>
    </div>
  </div>,
  <div
    className="column"
  />,
]
`;
